apiVersion: rbac.authorization.k8s.io/v1
kind: Role
metadata:
  labels:
    app.kubernetes.io/part-of: cilium
  name: cilium-operator-gateway-secrets
  namespace: kube-system
rules:
  - apiGroups:
      - ''
    resources:
      - secrets
    verbs:
      - create
      - delete
      - update
      - patch
