apiVersion: rbac.authorization.k8s.io/v1
kind: RoleBinding
metadata:
  labels:
    app.kubernetes.io/part-of: cilium
  name: cilium-operator-gateway-secrets
  namespace: kube-system
roleRef:
  apiGroup: rbac.authorization.k8s.io
  kind: Role
  name: cilium-operator-gateway-secrets
subjects:
  - kind: ServiceAccount
    name: cilium-operator
    namespace: kube-system
