apiVersion: v1
data:
  config.yaml: |
    address-pools:
      - addresses:
          - 10.10.10.0/24
        name: default
        protocol: bgp
    peers:
      - my-asn: 65001
        peer-address: 10.10.10.1
        peer-asn: 64512
kind: ConfigMap
metadata:
  annotations: {}
  labels:
    name: bgp-config
  name: bgp-config
  namespace: kube-system
